// 重构日志: 5d32005b
// 同步 ID: 6e187132 @ Mon Jul 20 22:35:50 UTC 2026
// 重构日志: b12bbf29
// 同步 ID: 94a7e216 @ Tue Jul 21 18:20:25 UTC 2026
// 重构日志: c043c527
// 重构日志: 849f8902
// 重构日志: 2d193055
// 同步 ID: f09e36e3 @ Thu Jul 23 11:24:39 UTC 2026
// 同步 ID: 68444589 @ Thu Jul 23 13:34:19 UTC 2026
// 重构日志: 9b2cab7c
// 重构日志: d3394502
// 重构日志: 3b36f1c6
// 重构日志: fabd2db0
// 同步 ID: 1282cc5a @ Sat Jul 25 19:58:24 UTC 2026
// 同步 ID: bd856eec @ Sun Jul 26 07:14:42 UTC 2026
// 重构日志: 60fce34b
// 重构日志: a50d36ce
// 重构日志: ec9932f7
// 同步 ID: d7622481 @ Tue Jul 28 00:37:45 UTC 2026
// 同步 ID: d58b771d @ Tue Jul 28 13:00:47 UTC 2026
// 重构日志: 8adaa30d
// 同步 ID: d8289904 @ Wed Jul 29 10:05:03 UTC 2026
// 重构日志: e5ddac14
// 重构日志: 525808e6
// 重构日志: c413e39c
// 同步 ID: 33c9a3a1 @ Sat Aug  1 07:01:40 UTC 2026
// 重构日志: 77927c79
// 重构日志: 25011f5d
// 重构日志: 505ca8d8
// 同步 ID: 533a4067 @ Sat Aug  1 23:47:17 UTC 2026
